---
source: src/clients/chat_completions.rs
expression: msgs
---
[
  {
    "role": "user",
    "content": "do stuff"
  },
  {
    "role": "assistant",
    "content": null,
    "reasoning_content": " ",
    "tool_calls": [
      {
        "id": "call-1",
        "type": "function",
        "function": {
          "name": "bash",
          "arguments": "{\"cmd\":\"ls\"}"
        }
      }
    ]
  }
]
